{"synthetic": false,
 "schemaVersion": "2025-09-10",
 "outputs":
 {"o": ["03de603321f88b4c.olean"],
  "m": false,
  "i": "9653f3b1705ecf57.ilean",
  "c": "2723d8098fc75580.c"},
 "log":
 [{"message":
   ".> LEAN_PATH=/Users/nicbrody/Dropbox/Code/nbrody.github.io/Lean/.lake/packages/Cli/.lake/build/lib/lean:/Users/nicbrody/Dropbox/Code/nbrody.github.io/Lean/.lake/packages/batteries/.lake/build/lib/lean:/Users/nicbrody/Dropbox/Code/nbrody.github.io/Lean/.lake/packages/Qq/.lake/build/lib/lean:/Users/nicbrody/Dropbox/Code/nbrody.github.io/Lean/.lake/packages/aesop/.lake/build/lib/lean:/Users/nicbrody/Dropbox/Code/nbrody.github.io/Lean/.lake/packages/proofwidgets/.lake/build/lib/lean:/Users/nicbrody/Dropbox/Code/nbrody.github.io/Lean/.lake/packages/importGraph/.lake/build/lib/lean:/Users/nicbrody/Dropbox/Code/nbrody.github.io/Lean/.lake/packages/LeanSearchClient/.lake/build/lib/lean:/Users/nicbrody/Dropbox/Code/nbrody.github.io/Lean/.lake/packages/plausible/.lake/build/lib/lean:/Users/nicbrody/Dropbox/Code/nbrody.github.io/Lean/.lake/packages/mathlib/.lake/build/lib/lean:/Users/nicbrody/Dropbox/Code/nbrody.github.io/Lean/.lake/build/lib/lean /Users/nicbrody/.elan/toolchains/leanprover--lean4---v4.30.0-rc2/bin/lean /Users/nicbrody/Dropbox/Code/nbrody.github.io/Lean/BHC/BorelHarishChandra/Lattices/Definitions.lean -o /Users/nicbrody/Dropbox/Code/nbrody.github.io/Lean/.lake/build/lib/lean/BorelHarishChandra/Lattices/Definitions.olean -i /Users/nicbrody/Dropbox/Code/nbrody.github.io/Lean/.lake/build/lib/lean/BorelHarishChandra/Lattices/Definitions.ilean -c /Users/nicbrody/Dropbox/Code/nbrody.github.io/Lean/.lake/build/ir/BorelHarishChandra/Lattices/Definitions.c --setup /Users/nicbrody/Dropbox/Code/nbrody.github.io/Lean/.lake/build/ir/BorelHarishChandra/Lattices/Definitions.setup.json --json",
   "level": "trace"}],
 "inputs":
 [["BorelHarishChandra.Lattices.Definitions:deps",
   [["deps",
     [["LeanProjects/BorelHarishChandra:extraDep",
       [["@LeanProjects:extraDep", "00000000000006bb"]]],
      ["imports",
       [["BorelHarishChandra.LieGroups.HaarMeasure transitive imports (legacy)",
         "031b0abd68d13b56"],
        ["BorelHarishChandra.LieGroups.HaarMeasure:importAllArts",
         "20344db94876077a"]]]]],
    ["libs",
     [["import dynlibs", "00000000000006bb"],
      ["package external libraries", "00000000000006bb"],
      ["module dynlibs", "00000000000006bb"],
      ["module plugins", "00000000000006bb"]]]]],
  ["Lean 4.30.0, commit 3dc1a088b6d2d8eafe25a7cd7ec7b58d731bd7cc",
   "2c8d2623007dfc36"],
  ["/Users/nicbrody/Dropbox/Code/nbrody.github.io/Lean/BHC/BorelHarishChandra/Lattices/Definitions.lean",
   "847ac92e710771a1"],
  ["options", "00000000000006bb"],
  ["isModule: false", "feefd2a0d3a1847e"],
  ["Module.name: BorelHarishChandra.Lattices.Definitions", "5da35a7bc3526f6b"],
  ["Package.id?: (some LeanProjects)", "632f9b85913f5a60"],
  ["Module.leanArgs: #[]", "00000000000006bb"]],
 "depHash": "7b04cef71fcd0368"}