{"synthetic": false,
 "schemaVersion": "2025-09-10",
 "outputs":
 {"o": ["e76f550ef1787258.olean"],
  "m": false,
  "i": "f551bc3d8eae3078.ilean",
  "c": "e92bbcdea9c16a28.c"},
 "log":
 [{"message":
   ".> LEAN_PATH=/Users/nicbrody/Dropbox/Code/nbrody.github.io/Lean/.lake/packages/Cli/.lake/build/lib/lean:/Users/nicbrody/Dropbox/Code/nbrody.github.io/Lean/.lake/packages/batteries/.lake/build/lib/lean:/Users/nicbrody/Dropbox/Code/nbrody.github.io/Lean/.lake/packages/Qq/.lake/build/lib/lean:/Users/nicbrody/Dropbox/Code/nbrody.github.io/Lean/.lake/packages/aesop/.lake/build/lib/lean:/Users/nicbrody/Dropbox/Code/nbrody.github.io/Lean/.lake/packages/proofwidgets/.lake/build/lib/lean:/Users/nicbrody/Dropbox/Code/nbrody.github.io/Lean/.lake/packages/importGraph/.lake/build/lib/lean:/Users/nicbrody/Dropbox/Code/nbrody.github.io/Lean/.lake/packages/LeanSearchClient/.lake/build/lib/lean:/Users/nicbrody/Dropbox/Code/nbrody.github.io/Lean/.lake/packages/plausible/.lake/build/lib/lean:/Users/nicbrody/Dropbox/Code/nbrody.github.io/Lean/.lake/packages/mathlib/.lake/build/lib/lean:/Users/nicbrody/Dropbox/Code/nbrody.github.io/Lean/.lake/build/lib/lean /Users/nicbrody/.elan/toolchains/leanprover--lean4---v4.30.0-rc2/bin/lean /Users/nicbrody/Dropbox/Code/nbrody.github.io/Lean/BHC/BorelHarishChandra/ReductionTheory/SiegelSets.lean -o /Users/nicbrody/Dropbox/Code/nbrody.github.io/Lean/.lake/build/lib/lean/BorelHarishChandra/ReductionTheory/SiegelSets.olean -i /Users/nicbrody/Dropbox/Code/nbrody.github.io/Lean/.lake/build/lib/lean/BorelHarishChandra/ReductionTheory/SiegelSets.ilean -c /Users/nicbrody/Dropbox/Code/nbrody.github.io/Lean/.lake/build/ir/BorelHarishChandra/ReductionTheory/SiegelSets.c --setup /Users/nicbrody/Dropbox/Code/nbrody.github.io/Lean/.lake/build/ir/BorelHarishChandra/ReductionTheory/SiegelSets.setup.json --json",
   "level": "trace"}],
 "inputs":
 [["BorelHarishChandra.ReductionTheory.SiegelSets:deps",
   [["deps",
     [["LeanProjects/BorelHarishChandra:extraDep",
       [["@LeanProjects:extraDep", "00000000000006bb"]]],
      ["imports",
       [["BorelHarishChandra.ArithmeticSubgroups.Examples transitive imports (legacy)",
         "55bf79a15725ff2c"],
        ["BorelHarishChandra.ArithmeticSubgroups.Examples:importAllArts",
         "1492072cadeb2c54"],
        ["BorelHarishChandra.LieGroups.RealPoints transitive imports (legacy)",
         "29fa820988d4a2f0"],
        ["BorelHarishChandra.LieGroups.RealPoints:importAllArts",
         "fadd05b692c0505e"]]]]],
    ["libs",
     [["import dynlibs", "00000000000006bb"],
      ["package external libraries", "00000000000006bb"],
      ["module dynlibs", "00000000000006bb"],
      ["module plugins", "00000000000006bb"]]]]],
  ["Lean 4.30.0, commit 3dc1a088b6d2d8eafe25a7cd7ec7b58d731bd7cc",
   "2c8d2623007dfc36"],
  ["/Users/nicbrody/Dropbox/Code/nbrody.github.io/Lean/BHC/BorelHarishChandra/ReductionTheory/SiegelSets.lean",
   "a9f6763f3833fe6e"],
  ["options", "00000000000006bb"],
  ["isModule: false", "feefd2a0d3a1847e"],
  ["Module.name: BorelHarishChandra.ReductionTheory.SiegelSets",
   "3dd3d2c9e671f75a"],
  ["Package.id?: (some LeanProjects)", "632f9b85913f5a60"],
  ["Module.leanArgs: #[]", "00000000000006bb"]],
 "depHash": "59cd0fcb37b8500f"}