{"synthetic": false,
 "schemaVersion": "2025-09-10",
 "outputs":
 {"o": ["bb07b38d28064491.olean"],
  "m": false,
  "i": "d022afaa4bfac000.ilean",
  "c": "9529e7c6196914ef.c"},
 "log":
 [{"message":
   ".> LEAN_PATH=/Users/nicbrody/Dropbox/Code/nbrody.github.io/Lean/.lake/packages/Cli/.lake/build/lib/lean:/Users/nicbrody/Dropbox/Code/nbrody.github.io/Lean/.lake/packages/batteries/.lake/build/lib/lean:/Users/nicbrody/Dropbox/Code/nbrody.github.io/Lean/.lake/packages/Qq/.lake/build/lib/lean:/Users/nicbrody/Dropbox/Code/nbrody.github.io/Lean/.lake/packages/aesop/.lake/build/lib/lean:/Users/nicbrody/Dropbox/Code/nbrody.github.io/Lean/.lake/packages/proofwidgets/.lake/build/lib/lean:/Users/nicbrody/Dropbox/Code/nbrody.github.io/Lean/.lake/packages/importGraph/.lake/build/lib/lean:/Users/nicbrody/Dropbox/Code/nbrody.github.io/Lean/.lake/packages/LeanSearchClient/.lake/build/lib/lean:/Users/nicbrody/Dropbox/Code/nbrody.github.io/Lean/.lake/packages/plausible/.lake/build/lib/lean:/Users/nicbrody/Dropbox/Code/nbrody.github.io/Lean/.lake/packages/mathlib/.lake/build/lib/lean:/Users/nicbrody/Dropbox/Code/nbrody.github.io/Lean/.lake/build/lib/lean /Users/nicbrody/.elan/toolchains/leanprover--lean4---v4.30.0-rc2/bin/lean /Users/nicbrody/Dropbox/Code/nbrody.github.io/Lean/BHC/BorelHarishChandra/LieGroups/RealPoints.lean -o /Users/nicbrody/Dropbox/Code/nbrody.github.io/Lean/.lake/build/lib/lean/BorelHarishChandra/LieGroups/RealPoints.olean -i /Users/nicbrody/Dropbox/Code/nbrody.github.io/Lean/.lake/build/lib/lean/BorelHarishChandra/LieGroups/RealPoints.ilean -c /Users/nicbrody/Dropbox/Code/nbrody.github.io/Lean/.lake/build/ir/BorelHarishChandra/LieGroups/RealPoints.c --setup /Users/nicbrody/Dropbox/Code/nbrody.github.io/Lean/.lake/build/ir/BorelHarishChandra/LieGroups/RealPoints.setup.json --json",
   "level": "trace"}],
 "inputs":
 [["BorelHarishChandra.LieGroups.RealPoints:deps",
   [["deps",
     [["LeanProjects/BorelHarishChandra:extraDep",
       [["@LeanProjects:extraDep", "00000000000006bb"]]],
      ["imports",
       [["BorelHarishChandra.AlgebraicGroups.LinearAlgebraicGroups transitive imports (legacy)",
         "6b7fcc9636d2229d"],
        ["BorelHarishChandra.AlgebraicGroups.LinearAlgebraicGroups:importAllArts",
         "f9803fae4f92e39e"],
        ["BorelHarishChandra.Prerequisites.TopologyMeasure transitive imports (legacy)",
         "ba923ea6fca118cf"],
        ["BorelHarishChandra.Prerequisites.TopologyMeasure:importAllArts",
         "6ae49f8e90ca5b3e"]]]]],
    ["libs",
     [["import dynlibs", "00000000000006bb"],
      ["package external libraries", "00000000000006bb"],
      ["module dynlibs", "00000000000006bb"],
      ["module plugins", "00000000000006bb"]]]]],
  ["Lean 4.30.0, commit 3dc1a088b6d2d8eafe25a7cd7ec7b58d731bd7cc",
   "2c8d2623007dfc36"],
  ["/Users/nicbrody/Dropbox/Code/nbrody.github.io/Lean/BHC/BorelHarishChandra/LieGroups/RealPoints.lean",
   "4752c18d6ff3c90c"],
  ["options", "00000000000006bb"],
  ["isModule: false", "feefd2a0d3a1847e"],
  ["Module.name: BorelHarishChandra.LieGroups.RealPoints", "1acef9720cea8c74"],
  ["Package.id?: (some LeanProjects)", "632f9b85913f5a60"],
  ["Module.leanArgs: #[]", "00000000000006bb"]],
 "depHash": "7d2e2690cc8ff549"}