{"synthetic": false,
 "schemaVersion": "2025-09-10",
 "outputs":
 {"o": ["8f87958cdfda7920.olean"],
  "m": false,
  "i": "87314dcf8a4f9dfa.ilean",
  "c": "7975300cd15679f4.c"},
 "log":
 [{"message":
   ".> LEAN_PATH=/Users/nicbrody/Dropbox/Code/nbrody.github.io/Lean/.lake/packages/Cli/.lake/build/lib/lean:/Users/nicbrody/Dropbox/Code/nbrody.github.io/Lean/.lake/packages/batteries/.lake/build/lib/lean:/Users/nicbrody/Dropbox/Code/nbrody.github.io/Lean/.lake/packages/Qq/.lake/build/lib/lean:/Users/nicbrody/Dropbox/Code/nbrody.github.io/Lean/.lake/packages/aesop/.lake/build/lib/lean:/Users/nicbrody/Dropbox/Code/nbrody.github.io/Lean/.lake/packages/proofwidgets/.lake/build/lib/lean:/Users/nicbrody/Dropbox/Code/nbrody.github.io/Lean/.lake/packages/importGraph/.lake/build/lib/lean:/Users/nicbrody/Dropbox/Code/nbrody.github.io/Lean/.lake/packages/LeanSearchClient/.lake/build/lib/lean:/Users/nicbrody/Dropbox/Code/nbrody.github.io/Lean/.lake/packages/plausible/.lake/build/lib/lean:/Users/nicbrody/Dropbox/Code/nbrody.github.io/Lean/.lake/packages/mathlib/.lake/build/lib/lean:/Users/nicbrody/Dropbox/Code/nbrody.github.io/Lean/.lake/build/lib/lean /Users/nicbrody/.elan/toolchains/leanprover--lean4---v4.30.0-rc2/bin/lean /Users/nicbrody/Dropbox/Code/nbrody.github.io/Lean/BHC/BorelHarishChandra/AlgebraicGroups/LinearAlgebraicGroups.lean -o /Users/nicbrody/Dropbox/Code/nbrody.github.io/Lean/.lake/build/lib/lean/BorelHarishChandra/AlgebraicGroups/LinearAlgebraicGroups.olean -i /Users/nicbrody/Dropbox/Code/nbrody.github.io/Lean/.lake/build/lib/lean/BorelHarishChandra/AlgebraicGroups/LinearAlgebraicGroups.ilean -c /Users/nicbrody/Dropbox/Code/nbrody.github.io/Lean/.lake/build/ir/BorelHarishChandra/AlgebraicGroups/LinearAlgebraicGroups.c --setup /Users/nicbrody/Dropbox/Code/nbrody.github.io/Lean/.lake/build/ir/BorelHarishChandra/AlgebraicGroups/LinearAlgebraicGroups.setup.json --json",
   "level": "trace"}],
 "inputs":
 [["BorelHarishChandra.AlgebraicGroups.LinearAlgebraicGroups:deps",
   [["deps",
     [["LeanProjects/BorelHarishChandra:extraDep",
       [["@LeanProjects:extraDep", "00000000000006bb"]]],
      ["imports",
       [["BorelHarishChandra.Prerequisites.Algebra transitive imports (legacy)",
         "ba923ea6fca118cf"],
        ["BorelHarishChandra.Prerequisites.Algebra:importAllArts",
         "4942ca6e583845c2"]]]]],
    ["libs",
     [["import dynlibs", "00000000000006bb"],
      ["package external libraries", "00000000000006bb"],
      ["module dynlibs", "00000000000006bb"],
      ["module plugins", "00000000000006bb"]]]]],
  ["Lean 4.30.0, commit 3dc1a088b6d2d8eafe25a7cd7ec7b58d731bd7cc",
   "2c8d2623007dfc36"],
  ["/Users/nicbrody/Dropbox/Code/nbrody.github.io/Lean/BHC/BorelHarishChandra/AlgebraicGroups/LinearAlgebraicGroups.lean",
   "5428d43b5181f0c6"],
  ["options", "00000000000006bb"],
  ["isModule: false", "feefd2a0d3a1847e"],
  ["Module.name: BorelHarishChandra.AlgebraicGroups.LinearAlgebraicGroups",
   "ba5b9dcfa0b84925"],
  ["Package.id?: (some LeanProjects)", "632f9b85913f5a60"],
  ["Module.leanArgs: #[]", "00000000000006bb"]],
 "depHash": "bc368b275c35c7b9"}